==69352== Memcheck, a memory error detector
==69352== Copyright (C) 2002-2017, and GNU GPL'd, by Julian Seward et al.
==69352== Using Valgrind-3.18.1 and LibVEX; rerun with -h for copyright info
==69352== Command: /usr/lib/R/bin/exec/R --vanilla -f dev/test_group_sums_var.r
==69352== 

R version 4.3.2 (2023-10-31) -- "Eye Holes"
Copyright (C) 2023 The R Foundation for Statistical Computing
Platform: x86_64-pc-linux-gnu (64-bit)

R is free software and comes with ABSOLUTELY NO WARRANTY.
You are welcome to redistribute it under certain conditions.
Type 'license()' or 'licence()' for distribution details.

  Natural language support but running in an English locale

R is a collaborative project with many contributors.
Type 'contributors()' for more information and
'citation()' on how to cite R or R packages in publications.

Type 'demo()' for some demos, 'help()' for on-line help, or
'help.start()' for an HTML browser interface to help.
Type 'q()' to quit R.

> # the data comes from running this after saving the intermediate outputs in alpaca
> # data <- simGLM(1000L, 20L, 1805L, model = "logit")
> # mod <- feglm(y ~ x1 + x2 + x3 | i + t, data)
> # mod.bc <- biasCorr(mod)
> # mod.ape <- getAPEs(mod.bc)
> 
> devtools::load_all()
â„¹ Loading capybara
> 
> # from alpaca
> inp <- readRDS("dev/groupSumsVar_inputs.rds")
> 
> names(inp)
[1] "Delta"    "k.list.2" "b"       
> 
> b <- capybara:::group_sums_var_(inp$Delta, inp$k.list.2)
> 
> class(b)
[1] "matrix" "array" 
> class(inp$b)
[1] "matrix" "array" 
> 
> all.equal(b, inp$b)
[1] TRUE
> 
==69352== 
==69352== HEAP SUMMARY:
==69352==     in use at exit: 98,899,145 bytes in 19,757 blocks
==69352==   total heap usage: 121,327 allocs, 101,570 frees, 220,921,602 bytes allocated
==69352== 
==69352== LEAK SUMMARY:
==69352==    definitely lost: 0 bytes in 0 blocks
==69352==    indirectly lost: 0 bytes in 0 blocks
==69352==      possibly lost: 336 bytes in 1 blocks
==69352==    still reachable: 98,898,809 bytes in 19,756 blocks
==69352==                       of which reachable via heuristic:
==69352==                         newarray           : 4,264 bytes in 1 blocks
==69352==         suppressed: 0 bytes in 0 blocks
==69352== Rerun with --leak-check=full to see details of leaked memory
==69352== 
==69352== ERROR SUMMARY: 0 errors from 0 contexts (suppressed: 0 from 0)
