==33551== Memcheck, a memory error detector
==33551== Copyright (C) 2002-2017, and GNU GPL'd, by Julian Seward et al.
==33551== Using Valgrind-3.18.1 and LibVEX; rerun with -h for copyright info
==33551== Command: /usr/lib/R/bin/exec/R --vanilla -f dev/test_get_alpha.r
==33551== 

R version 4.3.2 (2023-10-31) -- "Eye Holes"
Copyright (C) 2023 The R Foundation for Statistical Computing
Platform: x86_64-pc-linux-gnu (64-bit)

R is free software and comes with ABSOLUTELY NO WARRANTY.
You are welcome to redistribute it under certain conditions.
Type 'license()' or 'licence()' for distribution details.

  Natural language support but running in an English locale

R is a collaborative project with many contributors.
Type 'contributors()' for more information and
'citation()' on how to cite R or R packages in publications.

Type 'demo()' for some demos, 'help()' for on-line help, or
'help.start()' for an HTML browser interface to help.
Type 'q()' to quit R.

> # the data comes from running this after saving the intermediate outputs in alpaca
> # data <- simGLM(1000L, 20L, 1805L, model = "logit")
> # mod <- feglm(y ~ x1 + x2 + x3 | i + t, data)
> 
> devtools::load_all()
â„¹ Loading capybara
> 
> # from alpaca
> inp <- readRDS("dev/getAlpha_inputs.rds")
> 
> names(inp)
[1] "pi"        "k.list"    "alpha.tol" "fe.list"  
> 
> fe.list <- capybara:::get_alpha_(as.double(inp$pi), as.list(inp$k.list), as.double(inp$alpha.tol))
> 
> class(fe.list)
[1] "list"
> class(inp$fe.list)
[1] "list"
> 
> class(fe.list[[1]])
[1] "matrix" "array" 
> class(inp$fe.list[[1]])
[1] "matrix" "array" 
> 
> all.equal(fe.list, inp$fe.list)
[1] TRUE
> 
> # base R
> # same but there is something weird with the tolerance
> # source("dev/get_alpha.R")
> # get_alpha_r_(inp$pi, inp$k.list, as.double(inp$alpha.tol) * 5000)
> 
> # cpp11::cpp_source("dev/04_get_alpha_no_armadillo.cpp")
> 
==33551== 
==33551== HEAP SUMMARY:
==33551==     in use at exit: 83,109,036 bytes in 18,152 blocks
==33551==   total heap usage: 114,049 allocs, 95,897 frees, 198,255,972 bytes allocated
==33551== 
==33551== LEAK SUMMARY:
==33551==    definitely lost: 0 bytes in 0 blocks
==33551==    indirectly lost: 0 bytes in 0 blocks
==33551==      possibly lost: 0 bytes in 0 blocks
==33551==    still reachable: 83,109,036 bytes in 18,152 blocks
==33551==                       of which reachable via heuristic:
==33551==                         newarray           : 4,264 bytes in 1 blocks
==33551==         suppressed: 0 bytes in 0 blocks
==33551== Rerun with --leak-check=full to see details of leaked memory
==33551== 
==33551== ERROR SUMMARY: 0 errors from 0 contexts (suppressed: 0 from 0)
