==47240== Memcheck, a memory error detector
==47240== Copyright (C) 2002-2017, and GNU GPL'd, by Julian Seward et al.
==47240== Using Valgrind-3.18.1 and LibVEX; rerun with -h for copyright info
==47240== Command: /usr/lib/R/bin/exec/R --vanilla -f dev/test_get_alpha.r
==47240== 

R version 4.3.2 (2023-10-31) -- "Eye Holes"
Copyright (C) 2023 The R Foundation for Statistical Computing
Platform: x86_64-pc-linux-gnu (64-bit)

R is free software and comes with ABSOLUTELY NO WARRANTY.
You are welcome to redistribute it under certain conditions.
Type 'license()' or 'licence()' for distribution details.

  Natural language support but running in an English locale

R is a collaborative project with many contributors.
Type 'contributors()' for more information and
'citation()' on how to cite R or R packages in publications.

Type 'demo()' for some demos, 'help()' for on-line help, or
'help.start()' for an HTML browser interface to help.
Type 'q()' to quit R.

> # the data comes from running this after saving the intermediate outputs in alpaca
> # data <- simGLM(1000L, 20L, 1805L, model = "logit")
> # mod <- feglm(y ~ x1 + x2 + x3 | i + t, data)
> 
> devtools::load_all()
â„¹ Loading capybara
> 
> # from alpaca
> inp <- readRDS("dev/getAlpha_inputs.rds")
> 
> names(inp)
[1] "pi"        "k.list"    "alpha.tol" "fe.list"  
> 
> fe.list <- get_alpha_(as.double(inp$pi), as.list(inp$k.list), as.double(inp$alpha.tol))
> 
> class(fe.list)
[1] "list"
> class(inp$fe.list)
[1] "list"
> 
> class(fe.list[[1]])
[1] "matrix" "array" 
> class(inp$fe.list[[1]])
[1] "matrix" "array" 
> 
> all.equal(fe.list, inp$fe.list)
[1] TRUE
> 
==47240== 
==47240== HEAP SUMMARY:
==47240==     in use at exit: 98,818,959 bytes in 19,855 blocks
==47240==   total heap usage: 122,156 allocs, 102,301 frees, 221,383,022 bytes allocated
==47240== 
==47240== LEAK SUMMARY:
==47240==    definitely lost: 0 bytes in 0 blocks
==47240==    indirectly lost: 0 bytes in 0 blocks
==47240==      possibly lost: 0 bytes in 0 blocks
==47240==    still reachable: 98,818,959 bytes in 19,855 blocks
==47240==                       of which reachable via heuristic:
==47240==                         newarray           : 4,264 bytes in 1 blocks
==47240==         suppressed: 0 bytes in 0 blocks
==47240== Rerun with --leak-check=full to see details of leaked memory
==47240== 
==47240== ERROR SUMMARY: 0 errors from 0 contexts (suppressed: 0 from 0)
