==47020== Memcheck, a memory error detector
==47020== Copyright (C) 2002-2017, and GNU GPL'd, by Julian Seward et al.
==47020== Using Valgrind-3.18.1 and LibVEX; rerun with -h for copyright info
==47020== Command: /usr/lib/R/bin/exec/R --vanilla -f dev/test_center_variables.r
==47020== 

R version 4.3.2 (2023-10-31) -- "Eye Holes"
Copyright (C) 2023 The R Foundation for Statistical Computing
Platform: x86_64-pc-linux-gnu (64-bit)

R is free software and comes with ABSOLUTELY NO WARRANTY.
You are welcome to redistribute it under certain conditions.
Type 'license()' or 'licence()' for distribution details.

  Natural language support but running in an English locale

R is a collaborative project with many contributors.
Type 'contributors()' for more information and
'citation()' on how to cite R or R packages in publications.

Type 'demo()' for some demos, 'help()' for on-line help, or
'help.start()' for an HTML browser interface to help.
Type 'q()' to quit R.

> # the data comes from running this after saving the intermediate outputs in alpaca
> # data <- simGLM(1000L, 20L, 1805L, model = "logit")
> # mod <- feglm(y ~ x1 + x2 + x3 | i + t, data)
> 
> devtools::load_all()
â„¹ Loading capybara
> 
> # from alpaca
> inp <- readRDS("dev/centerVariables_inputs.rds")
> 
> names(inp)
[1] "MX"          "w"           "k.list"      "center.tol"  "MX.centered"
> 
> MX.centered <- center_variables_(
+   as.matrix(inp$MX), as.double(inp$w),
+   as.list(inp$k.list), as.double(inp$center.tol)
+ )
> 
> class(MX.centered)
[1] "matrix" "array" 
> class(inp$MX.centered)
[1] "matrix" "array" 
> 
> all.equal(MX.centered, inp$MX.centered)
[1] TRUE
> 
==47020== 
==47020== HEAP SUMMARY:
==47020==     in use at exit: 102,320,902 bytes in 19,852 blocks
==47020==   total heap usage: 122,145 allocs, 102,293 frees, 225,495,785 bytes allocated
==47020== 
==47020== LEAK SUMMARY:
==47020==    definitely lost: 0 bytes in 0 blocks
==47020==    indirectly lost: 0 bytes in 0 blocks
==47020==      possibly lost: 336 bytes in 1 blocks
==47020==    still reachable: 102,320,566 bytes in 19,851 blocks
==47020==                       of which reachable via heuristic:
==47020==                         newarray           : 4,264 bytes in 1 blocks
==47020==         suppressed: 0 bytes in 0 blocks
==47020== Rerun with --leak-check=full to see details of leaked memory
==47020== 
==47020== ERROR SUMMARY: 0 errors from 0 contexts (suppressed: 0 from 0)
